#-----------------------------------------------------------
# Vivado v2025.1 (64-bit)
# SW Build 6140274 on Thu May 22 00:12:29 MDT 2025
# IP Build 6138677 on Thu May 22 03:10:11 MDT 2025
# SharedData Build 6139179 on Tue May 20 17:58:58 MDT 2025
# Start of session at: Thu Jul 10 23:37:43 2025
# Process ID         : 24336
# Current directory  : A:/INTERNSHIP/ETDAS_Project_new/WORKING/MultiADC_Div_compress/MultiADC_Div1
# Command line       : vivado.exe -gui_launcher_event rodinguilauncherevent25504 A:\INTERNSHIP\ETDAS_Project_new\WORKING\MultiADC_Div_compress\MultiADC_Div1\MultiADC_Div1.xpr
# Log file           : A:/INTERNSHIP/ETDAS_Project_new/WORKING/MultiADC_Div_compress/MultiADC_Div1/vivado.log
# Journal file       : A:/INTERNSHIP/ETDAS_Project_new/WORKING/MultiADC_Div_compress/MultiADC_Div1\vivado.jou
# Running On         : AUTOTECHPAT
# Platform           : Windows Server 2016 or Windows 10
# Operating System   : 26100
# Processor Detail   : AMD Ryzen 7 7435HS                             
# CPU Frequency      : 3094 MHz
# CPU Physical cores : 8
# CPU Logical cores  : 16
# Host memory        : 25439 MB
# Swap memory        : 1610 MB
# Total Virtual      : 27049 MB
# Available Virtual  : 14496 MB
#-----------------------------------------------------------
start_gui
open_project A:/INTERNSHIP/ETDAS_Project_new/WORKING/MultiADC_Div_compress/MultiADC_Div1/MultiADC_Div1.xpr
update_compile_order -fileset sources_1
open_project A:/INTERNSHIP/ETDAS_Project_new/WORKING/multi_fifo_uart/multi_fifo_uart.xpr
update_compile_order -fileset sources_1
open_project A:/INTERNSHIP/ETDAS_Project_new/WORKING/Test_2/Test_2.xpr
update_compile_order -fileset sources_1
reset_run impl_1
launch_runs impl_1 -jobs 8
wait_on_run impl_1
current_project MultiADC_Div1
reset_run synth_1
launch_runs impl_1 -jobs 8
wait_on_run impl_1
current_project Test_2
current_project MultiADC_Div1
open_run impl_1
current_project Test_2
open_run impl_1
close_design
current_project multi_fifo_uart
close_project
close_project
open_project A:/INTERNSHIP/ETDAS_Project_new/WORKING/multi_Rx_Tx/multi_Rx_Tx.xpr
update_compile_order -fileset sources_1
close_project
